../Drivers/STM32F4xx_HAL_Driver/Src/lcd.c:9:6:delay_us	16	static
../Drivers/STM32F4xx_HAL_Driver/Src/lcd.c:20:6:Lcd_Init	8	static
../Drivers/STM32F4xx_HAL_Driver/Src/lcd.c:43:6:send_lcd	16	static
../Drivers/STM32F4xx_HAL_Driver/Src/lcd.c:63:6:send_cmd	24	static
../Drivers/STM32F4xx_HAL_Driver/Src/lcd.c:76:6:lcd_print	24	static
../Drivers/STM32F4xx_HAL_Driver/Src/lcd.c:88:6:lcd_put_cur	16	static
../Drivers/STM32F4xx_HAL_Driver/Src/lcd.c:102:6:clear_lcd	8	static
../Drivers/STM32F4xx_HAL_Driver/Src/lcd.c:109:6:lcd_send_string	16	static
