../Drivers/STM32F4xx_HAL_Driver/Src/lcd_driver.c:19:6:Lcd_Init	8	static
../Drivers/STM32F4xx_HAL_Driver/Src/lcd_driver.c:45:6:send_lcd	16	static
../Drivers/STM32F4xx_HAL_Driver/Src/lcd_driver.c:66:6:send_cmd	24	static
../Drivers/STM32F4xx_HAL_Driver/Src/lcd_driver.c:85:6:lcd_print	24	static
../Drivers/STM32F4xx_HAL_Driver/Src/lcd_driver.c:108:6:lcd_put_	16	static
../Drivers/STM32F4xx_HAL_Driver/Src/lcd_driver.c:128:6:clear_lcd	8	static
../Drivers/STM32F4xx_HAL_Driver/Src/lcd_driver.c:144:6:lcd_send_string_newline	16	static
